// Jest Snapshot v1, https://goo.gl/fbAQLP

exports[`fixtures: basic.html 1`] = `
Array [
  Object {
    "col": 1,
    "line": 1,
    "message": "Element is deprecated",
    "raw": "<font color=\\"red\\">",
    "ruleId": "deprecated-element",
    "severity": "error",
  },
]
`;
